Archive member included to satisfy reference by file (symbol)

c:/program files (x86)/atmel/studio/7.0/toolchain/avr8/avr8-gnu-toolchain/bin/../lib/gcc/avr/5.4.0/../../../../avr/lib/avr51\libm.a(fixsfsi.o)
                              main.o (__fixsfsi)
c:/program files (x86)/atmel/studio/7.0/toolchain/avr8/avr8-gnu-toolchain/bin/../lib/gcc/avr/5.4.0/../../../../avr/lib/avr51\libm.a(fixunssfsi.o)
                              c:/program files (x86)/atmel/studio/7.0/toolchain/avr8/avr8-gnu-toolchain/bin/../lib/gcc/avr/5.4.0/../../../../avr/lib/avr51\libm.a(fixsfsi.o) (__fixunssfsi)
c:/program files (x86)/atmel/studio/7.0/toolchain/avr8/avr8-gnu-toolchain/bin/../lib/gcc/avr/5.4.0/../../../../avr/lib/avr51\libm.a(floatsisf.o)
                              main.o (__floatunsisf)
c:/program files (x86)/atmel/studio/7.0/toolchain/avr8/avr8-gnu-toolchain/bin/../lib/gcc/avr/5.4.0/../../../../avr/lib/avr51\libm.a(fp_split3.o)
                              c:/program files (x86)/atmel/studio/7.0/toolchain/avr8/avr8-gnu-toolchain/bin/../lib/gcc/avr/5.4.0/../../../../avr/lib/avr51\libm.a(fixunssfsi.o) (__fp_splitA)
c:/program files (x86)/atmel/studio/7.0/toolchain/avr8/avr8-gnu-toolchain/bin/../lib/gcc/avr/5.4.0/../../../../avr/lib/avr51\libm.a(fp_zero.o)
                              c:/program files (x86)/atmel/studio/7.0/toolchain/avr8/avr8-gnu-toolchain/bin/../lib/gcc/avr/5.4.0/../../../../avr/lib/avr51\libm.a(fixunssfsi.o) (__fp_zero)
c:/program files (x86)/atmel/studio/7.0/toolchain/avr8/avr8-gnu-toolchain/bin/../lib/gcc/avr/5.4.0/../../../../avr/lib/avr51\libm.a(mulsf3.o)
                              main.o (__mulsf3)
c:/program files (x86)/atmel/studio/7.0/toolchain/avr8/avr8-gnu-toolchain/bin/../lib/gcc/avr/5.4.0/../../../../avr/lib/avr51\libm.a(mulsf3x.o)
                              c:/program files (x86)/atmel/studio/7.0/toolchain/avr8/avr8-gnu-toolchain/bin/../lib/gcc/avr/5.4.0/../../../../avr/lib/avr51\libm.a(mulsf3.o) (__mulsf3x)
c:/program files (x86)/atmel/studio/7.0/toolchain/avr8/avr8-gnu-toolchain/bin/../lib/gcc/avr/5.4.0/../../../../avr/lib/avr51\libm.a(fp_inf.o)
                              c:/program files (x86)/atmel/studio/7.0/toolchain/avr8/avr8-gnu-toolchain/bin/../lib/gcc/avr/5.4.0/../../../../avr/lib/avr51\libm.a(mulsf3x.o) (__fp_inf)
c:/program files (x86)/atmel/studio/7.0/toolchain/avr8/avr8-gnu-toolchain/bin/../lib/gcc/avr/5.4.0/../../../../avr/lib/avr51\libm.a(fp_nan.o)
                              c:/program files (x86)/atmel/studio/7.0/toolchain/avr8/avr8-gnu-toolchain/bin/../lib/gcc/avr/5.4.0/../../../../avr/lib/avr51\libm.a(mulsf3x.o) (__fp_nan)
c:/program files (x86)/atmel/studio/7.0/toolchain/avr8/avr8-gnu-toolchain/bin/../lib/gcc/avr/5.4.0/../../../../avr/lib/avr51\libm.a(fp_pscA.o)
                              c:/program files (x86)/atmel/studio/7.0/toolchain/avr8/avr8-gnu-toolchain/bin/../lib/gcc/avr/5.4.0/../../../../avr/lib/avr51\libm.a(mulsf3x.o) (__fp_pscA)
c:/program files (x86)/atmel/studio/7.0/toolchain/avr8/avr8-gnu-toolchain/bin/../lib/gcc/avr/5.4.0/../../../../avr/lib/avr51\libm.a(fp_pscB.o)
                              c:/program files (x86)/atmel/studio/7.0/toolchain/avr8/avr8-gnu-toolchain/bin/../lib/gcc/avr/5.4.0/../../../../avr/lib/avr51\libm.a(mulsf3x.o) (__fp_pscB)
c:/program files (x86)/atmel/studio/7.0/toolchain/avr8/avr8-gnu-toolchain/bin/../lib/gcc/avr/5.4.0/../../../../avr/lib/avr51\libm.a(fp_round.o)
                              c:/program files (x86)/atmel/studio/7.0/toolchain/avr8/avr8-gnu-toolchain/bin/../lib/gcc/avr/5.4.0/../../../../avr/lib/avr51\libm.a(mulsf3.o) (__fp_round)
c:/program files (x86)/atmel/studio/7.0/toolchain/avr8/avr8-gnu-toolchain/bin/../lib/gcc/avr/5.4.0/avr51\libgcc.a(_udivmodqi4.o)
                              u8g2_selection_list.o (__udivmodqi4)
c:/program files (x86)/atmel/studio/7.0/toolchain/avr8/avr8-gnu-toolchain/bin/../lib/gcc/avr/5.4.0/avr51\libgcc.a(_divmodhi4.o)
                              u8g2_polygon.o (__divmodhi4)
c:/program files (x86)/atmel/studio/7.0/toolchain/avr8/avr8-gnu-toolchain/bin/../lib/gcc/avr/5.4.0/avr51\libgcc.a(_exit.o)
                              C:/Program Files (x86)/Atmel/Studio/7.0/Packs/atmel/ATmega_DFP/1.7.374/gcc/dev/atmega128a/avr51/crtatmega128a.o (exit)
c:/program files (x86)/atmel/studio/7.0/toolchain/avr8/avr8-gnu-toolchain/bin/../lib/gcc/avr/5.4.0/avr51\libgcc.a(_tablejump2.o)
                              u8x8_atmega88_hal.o (__tablejump2__)
c:/program files (x86)/atmel/studio/7.0/toolchain/avr8/avr8-gnu-toolchain/bin/../lib/gcc/avr/5.4.0/avr51\libgcc.a(_copy_data.o)
                              main.o (__do_copy_data)
c:/program files (x86)/atmel/studio/7.0/toolchain/avr8/avr8-gnu-toolchain/bin/../lib/gcc/avr/5.4.0/avr51\libgcc.a(_clear_bss.o)
                              main.o (__do_clear_bss)
c:/program files (x86)/atmel/studio/7.0/toolchain/avr8/avr8-gnu-toolchain/bin/../lib/gcc/avr/5.4.0/avr51\libgcc.a(_umulhisi3.o)
[...]
Memory Configuration

Name             Origin             Length             Attributes
text             0x00000000         0x00020000         xr
data             0x00800100         0x00001000         rw !x
eeprom           0x00810000         0x00001000         rw !x
fuse             0x00820000         0x00000003         rw !x
lock             0x00830000         0x00000400         rw !x
signature        0x00840000         0x00000400         rw !x
user_signatures  0x00850000         0x00000400         rw !x
*default*        0x00000000         0xffffffff

Linker script and memory map

Address of section .data set to 0x800100
LOAD C:/Program Files (x86)/Atmel/Studio/7.0/Packs/atmel/ATmega_DFP/1.7.374/gcc/dev/atmega128a/avr51/crtatmega128a.o
LOAD i2c_master.o
LOAD main.o
LOAD u8g2_bitmap.o
LOAD u8g2_box.o
LOAD u8g2_buffer.o
LOAD u8g2_circle.o
LOAD u8g2_cleardisplay.o
LOAD u8g2_d_memory.o
LOAD u8g2_d_setup.o
LOAD u8g2_font.o
LOAD u8g2_fonts.o
LOAD u8g2_hvline.o
LOAD u8g2_input_value.o
LOAD u8g2_intersection.o
LOAD u8g2_kerning.o
LOAD u8g2_line.o
LOAD u8g2_ll_hvline.o
LOAD u8g2_message.o
LOAD u8g2_polygon.o
LOAD u8g2_selection_list.o
LOAD u8g2_setup.o
LOAD u8x8_8x8.o
LOAD u8x8_atmega88_hal.o
LOAD u8x8_byte.o
LOAD u8x8_cad.o
LOAD u8x8_debounce.o
LOAD u8x8_display.o
LOAD u8x8_d_a2printer.o
LOAD u8x8_d_ist3020.o
LOAD u8x8_d_ks0108.o
LOAD u8x8_d_lc7981.o
LOAD u8x8_d_ld7032_60x32.o
LOAD u8x8_d_ls013b7dh03.o
LOAD u8x8_d_pcd8544_84x48.o
LOAD u8x8_d_pcf8812.o
LOAD u8x8_d_sed1330.o
LOAD u8x8_d_ssd1305.o
LOAD u8x8_d_ssd1306_128x32.o
LOAD u8x8_d_ssd1306_128x64_noname.o
LOAD u8x8_d_ssd1306_64x48.o
LOAD u8x8_d_ssd1309.o
LOAD u8x8_d_ssd1322.o
LOAD u8x8_d_ssd1325.o
LOAD u8x8_d_ssd1327.o
LOAD u8x8_d_ssd1606_172x72.o
LOAD u8x8_d_ssd1607_200x200.o
LOAD u8x8_d_st75256.o
LOAD u8x8_d_st7565.o
LOAD u8x8_d_st7567.o
LOAD u8x8_d_st7588.o
LOAD u8x8_d_st7920.o
LOAD u8x8_d_stdio.o
LOAD u8x8_d_t6963.o
LOAD u8x8_d_uc1604.o
LOAD u8x8_d_uc1608.o
LOAD u8x8_d_uc1610.o
LOAD u8x8_d_uc1611.o
LOAD u8x8_d_uc1617.o
LOAD u8x8_d_uc1701_dogs102.o
LOAD u8x8_d_uc1701_mini12864.o
LOAD u8x8_fonts.o
LOAD u8x8_gpio.o
LOAD u8x8_input_value.o
LOAD u8x8_message.o
LOAD u8x8_selection_list.o
LOAD u8x8_setup.o
LOAD u8x8_string.o
LOAD u8x8_u16toa.o
LOAD u8x8_u8toa.o
LOAD utility.o
START GROUP
LOAD c:/program files (x86)/atmel/studio/7.0/toolchain/avr8/avr8-gnu-toolchain/bin/../lib/gcc/avr/5.4.0/../../../../avr/lib/avr51\libm.a
END GROUP
START GROUP
LOAD c:/program files (x86)/atmel/studio/7.0/toolchain/avr8/avr8-gnu-toolchain/bin/../lib/gcc/avr/5.4.0/avr51\libgcc.a
LOAD c:/program files (x86)/atmel/studio/7.0/toolchain/avr8/avr8-gnu-toolchain/bin/../lib/gcc/avr/5.4.0/../../../../avr/lib/avr51\libm.a
LOAD c:/program files (x86)/atmel/studio/7.0/toolchain/avr8/avr8-gnu-toolchain/bin/../lib/gcc/avr/5.4.0/../../../../avr/lib/avr51\libc.a
LOAD C:/Program Files (x86)/Atmel/Studio/7.0/Packs/atmel/ATmega_DFP/1.7.374/gcc/dev/atmega128a/avr51\libatmega128a.a
END GROUP
                [0x00000000]                __TEXT_REGION_ORIGIN__ = DEFINED (__TEXT_REGION_ORIGIN__)?__TEXT_REGION_ORIGIN__:0x0
                [0x00800100]                __DATA_REGION_ORIGIN__ = DEFINED (__DATA_REGION_ORIGIN__)?__DATA_REGION_ORIGIN__:0x800100
                [0x00020000]                __TEXT_REGION_LENGTH__ = DEFINED (__TEXT_REGION_LENGTH__)?__TEXT_REGION_LENGTH__:0x20000
                [0x00001000]                __DATA_REGION_LENGTH__ = DEFINED (__DATA_REGION_LENGTH__)?__DATA_REGION_LENGTH__:0xff00
                [0x00001000]                __EEPROM_REGION_LENGTH__ = DEFINED (__EEPROM_REGION_LENGTH__)?__EEPROM_REGION_LENGTH__:0x10000
                [0x00000003]                __FUSE_REGION_LENGTH__ = DEFINED (__FUSE_REGION_LENGTH__)?__FUSE_REGION_LENGTH__:0x400
                0x00000400                __LOCK_REGION_LENGTH__ = DEFINED (__LOCK_REGION_LENGTH__)?__LOCK_REGION_LENGTH__:0x400
                0x00000400                __SIGNATURE_REGION_LENGTH__ = DEFINED (__SIGNATURE_REGION_LENGTH__)?__SIGNATURE_REGION_LENGTH__:0x400
                0x00000400                __USER_SIGNATURE_REGION_LENGTH__ = DEFINED (__USER_SIGNATURE_REGION_LENGTH__)?__USER_SIGNATURE_REGION_LENGTH__:0x400

.hash
 *(.hash)

.dynsym
 *(.dynsym)

.dynstr
 *(.dynstr)

.gnu.version
 *(.gnu.version)

.gnu.version_d
 *(.gnu.version_d)

.gnu.version_r
 *(.gnu.version_r)

.rel.init
 *(.rel.init)

.rela.init
 *(.rela.init)

.rel.text
 *(.rel.text)
 *(.rel.text.*)
 *(.rel.gnu.linkonce.t*)

.rela.text
 *(.rela.text)
 *(.rela.text.*)
 *(.rela.gnu.linkonce.t*)

.rel.fini
 *(.rel.fini)

.rela.fini
 *(.rela.fini)

.rel.rodata
 *(.rel.rodata)
 *(.rel.rodata.*)
 *(.rel.gnu.linkonce.r*)

.rela.rodata
 *(.rela.rodata)
 *(.rela.rodata.*)
 *(.rela.gnu.linkonce.r*)

.rel.data
 *(.rel.data)
 *(.rel.data.*)
 *(.rel.gnu.linkonce.d*)

.rela.data
 *(.rela.data)
 *(.rela.data.*)
 *(.rela.gnu.linkonce.d*)

.rel.ctors
 *(.rel.ctors)

.rela.ctors
 *(.rela.ctors)

.rel.dtors
 *(.rel.dtors)

.rela.dtors
 *(.rela.dtors)

.rel.got
 *(.rel.got)

.rela.got
 *(.rela.got)

.rel.bss
 *(.rel.bss)

.rela.bss
 *(.rela.bss)

.rel.plt
 *(.rel.plt)

.rela.plt
 *(.rela.plt)

.text           0x00000000     0x1b74
 *(.vectors)
 .vectors       0x00000000       0x8c C:/Program Files (x86)/Atmel/Studio/7.0/Packs/atmel/ATmega_DFP/1.7.374/gcc/dev/atmega128a/avr51/crtatmega128a.o
                0x00000000                __vector_default
                0x00000000                __vectors
 *(.vectors)
 *(.progmem.gcc*)
 .progmem.gcc_sw_table.u8x8_gpio_and_delay_atmega88
                0x0000008c       0x58 u8x8_atmega88_hal.o
                0x000000e4                . = ALIGN (0x2)
                0x000000e4                __trampolines_start = .
 *(.trampolines)
 .trampolines   0x000000e4        0x0 linker stubs
 *(.trampolines*)
                0x000000e4                __trampolines_end = .
 *libprintf_flt.a:*(.progmem.data)
 *libc.a:*(.progmem.data)
 *(.progmem*)
 .progmem.u8x8_font_amstrad_cpc_extended_f
                0x000000e4      0x702 u8x8_fonts.o
                0x000000e4                u8x8_font_amstrad_cpc_extended_f
                0x000007e6                . = ALIGN (0x2)
 *(.jumptables)
 *(.jumptables*)
 *(.lowtext)
 *(.lowtext*)
                0x000007e6                __ctors_start = .
 *(.ctors)
                0x000007e6                __ctors_end = .
                0x000007e6                __dtors_start = .
 *(.dtors)
                0x000007e6                __dtors_end = .
 SORT(*)(.ctors)
 SORT(*)(.dtors)
 *(.init0)
 .init0         0x000007e6        0x0 C:/Program Files (x86)/Atmel/Studio/7.0/Packs/atmel/ATmega_DFP/1.7.374/gcc/dev/atmega128a/avr51/crtatmega128a.o
                0x000007e6                __init
 *(.init0)
 *(.init1)
 *(.init1)
 *(.init2)
 .init2         0x000007e6        0xc C:/Program Files (x86)/Atmel/Studio/7.0/Packs/atmel/ATmega_DFP/1.7.374/gcc/dev/atmega128a/avr51/crtatmega128a.o
 *(.init2)
 *(.init3)
 *(.init3)
 *(.init4)
 .init4         0x000007f2       0x1a c:/program files (x86)/atmel/studio/7.0/toolchain/avr8/avr8-gnu-toolchain/bin/../lib/gcc/avr/5.4.0/avr51\libgcc.a(_copy_data.o)
                0x000007f2                __do_copy_data
 .init4         0x0000080c       0x10 c:/program files (x86)/atmel/studio/7.0/toolchain/avr8/avr8-gnu-toolchain/bin/../lib/gcc/avr/5.4.0/avr51\libgcc.a(_clear_bss.o)
                0x0000080c                __do_clear_bss
 *(.init4)
 *(.init5)
 *(.init5)
 *(.init6)
 *(.init6)
 *(.init7)
 *(.init7)
 *(.init8)
 *(.init8)
 *(.init9)
 .init9         0x0000081c        0x6 C:/Program Files (x86)/Atmel/Studio/7.0/Packs/atmel/ATmega_DFP/1.7.374/gcc/dev/atmega128a/avr51/crtatmega128a.o
 *(.init9)
 *(.text)
 .text          0x00000822        0x2 C:/Program Files (x86)/Atmel/Studio/7.0/Packs/atmel/ATmega_DFP/1.7.374/gcc/dev/atmega128a/avr51/crtatmega128a.o
                0x00000822                __vector_22
                0x00000822                __vector_28
                0x00000822                __vector_1
                0x00000822                __vector_32
                0x00000822                __vector_34
                0x00000822                __vector_24
                0x00000822                __vector_12
                0x00000822                __bad_interrupt
                0x00000822                __vector_6
                0x00000822                __vector_31
                0x00000822                __vector_3
                0x00000822                __vector_23
                0x00000822                __vector_30
                0x00000822                __vector_25
                0x00000822                __vector_11
                0x00000822                __vector_13
                0x00000822                __vector_17
                0x00000822                __vector_19
                0x00000822                __vector_7
                0x00000822                __vector_27
                0x00000822                __vector_5
                0x00000822                __vector_33
                0x00000822                __vector_4
                0x00000822                __vector_9
                0x00000822                __vector_2
                0x00000822                __vector_21
                0x00000822                __vector_15
                0x00000822                __vector_29
                0x00000822                __vector_26
                0x00000822                __vector_14
                0x00000822                __vector_10
                0x00000822                __vector_16
                0x00000822                __vector_18
                0x00000822                __vector_20
                0x00000824                . = ALIGN (0x2)
 *(.text.*)
 .text.i2c_start
                0x00000824       0x4c i2c_master.o
                0x00000824                i2c_start
 .text.i2c_write
                0x00000870       0x24 i2c_master.o
                0x00000870                i2c_write
 .text.i2c_stop
                0x00000894        0x8 i2c_master.o
                0x00000894                i2c_stop
 .text.initOLE  0x0000089c       0x4c main.o
                0x0000089c                initOLE
 .text.__vector_8
                0x000008e8       0xa8 main.o
                0x000008e8                __vector_8
 .text.initHC   0x00000990       0x3e main.o
                0x00000990                initHC
 .text.initservo
                0x000009ce       0x46 main.o
                0x000009ce                initservo
 .text.ADC_Init
                0x00000a14       0x14 main.o
                0x00000a14                ADC_Init
 .text.ADC_Read
                0x00000a28       0x16 main.o
                0x00000a28                ADC_Read
 .text.main     0x00000a3e      0x14a main.o
                0x00000a3e                main
 .text.u8x8_get_glyph_data
                0x00000b88       0x96 u8x8_8x8.o
 .text.u8x8_ascii_next
                0x00000c1e       0x1a u8x8_8x8.o
                0x00000c1e                u8x8_ascii_next
 .text.u8x8_SetFont
                0x00000c38        0x8 u8x8_8x8.o
                0x00000c38                u8x8_SetFont
 .text.u8x8_DrawGlyph
                0x00000c40       0x5e u8x8_8x8.o
                0x00000c40                u8x8_DrawGlyph
 .text.u8x8_utf8_init
                0x00000c9e        0x6 u8x8_8x8.o
                0x00000c9e                u8x8_utf8_init
 .text.u8x8_draw_string
                0x00000ca4       0x5e u8x8_8x8.o
 .text.u8x8_DrawString
                0x00000d02       0x12 u8x8_8x8.o
                0x00000d02                u8x8_DrawString
 .text.u8x8_gpio_and_delay_atmega88
                0x00000d14       0x36 u8x8_atmega88_hal.o
                0x00000d14                u8x8_gpio_and_delay_atmega88
 .text.u8x8_byte_atmega88_i2c
                0x00000d4a       0x52 u8x8_atmega88_hal.o
                0x00000d4a                u8x8_byte_atmega88_i2c
 .text.u8x8_init_atmega88
                0x00000d9c       0x40 u8x8_atmega88_hal.o
                0x00000d9c                u8x8_init_atmega88
 .text.u8x8_byte_SendBytes
                0x00000ddc       0x14 u8x8_byte.o
                0x00000ddc                u8x8_byte_SendBytes
 .text.u8x8_byte_SendByte
                0x00000df0       0x1e u8x8_byte.o
                0x00000df0                u8x8_byte_SendByte
 .text.u8x8_byte_StartTransfer
                0x00000e0e       0x16 u8x8_byte.o
                0x00000e0e                u8x8_byte_StartTransfer
 .text.u8x8_byte_EndTransfer
                0x00000e24       0x16 u8x8_byte.o
                0x00000e24                u8x8_byte_EndTransfer
 .text.u8x8_i2c_data_transfer
                0x00000e3a       0x36 u8x8_cad.o
 .text.u8x8_cad_SendCmd
                0x00000e70       0x16 u8x8_cad.o
                0x00000e70                u8x8_cad_SendCmd
 .text.u8x8_cad_SendArg
                0x00000e86       0x16 u8x8_cad.o
                0x00000e86                u8x8_cad_SendArg
 .text.u8x8_cad_SendData
                0x00000e9c       0x14 u8x8_cad.o
                0x00000e9c                u8x8_cad_SendData
 .text.u8x8_cad_StartTransfer
                0x00000eb0       0x16 u8x8_cad.o
                0x00000eb0                u8x8_cad_StartTransfer
 .text.u8x8_cad_EndTransfer
                0x00000ec6       0x16 u8x8_cad.o
                0x00000ec6                u8x8_cad_EndTransfer
 .text.u8x8_cad_SendSequence
                0x00000edc       0x9a u8x8_cad.o
                0x00000edc                u8x8_cad_SendSequence
 .text.u8x8_cad_ssd13xx_i2c
                0x00000f76       0x92 u8x8_cad.o
                0x00000f76                u8x8_cad_ssd13xx_i2c
 .text.u8x8_d_helper_display_setup_memory
                0x00001008       0x10 u8x8_display.o
                0x00001008                u8x8_d_helper_display_setup_memory
 .text.u8x8_d_helper_display_init
                0x00001018       0x66 u8x8_display.o
                0x00001018                u8x8_d_helper_display_init
 .text.u8x8_DrawTile
                0x0000107e       0x46 u8x8_display.o
                0x0000107e                u8x8_DrawTile
 .text.u8x8_SetupMemory
                0x000010c4       0x16 u8x8_display.o
                0x000010c4                u8x8_SetupMemory
 .text.u8x8_InitDisplay
                0x000010da       0x16 u8x8_display.o
                0x000010da                u8x8_InitDisplay
 .text.u8x8_SetPowerSave
                0x000010f0       0x16 u8x8_display.o
                0x000010f0                u8x8_SetPowerSave
 .text.u8x8_ClearDisplayWithTile
                0x00001106       0x6e u8x8_display.o
                0x00001106                u8x8_ClearDisplayWithTile
 .text.u8x8_ClearDisplay
                0x00001174       0x38 u8x8_display.o
                0x00001174                u8x8_ClearDisplay
 .text.u8x8_d_ssd1306_sh1106_generic
                0x000011ac       0xf4 u8x8_d_ssd1306_128x64_noname.o
 .text.u8x8_d_ssd1306_128x64_vcomh0
                0x000012a0       0x3e u8x8_d_ssd1306_128x64_noname.o
                0x000012a0                u8x8_d_ssd1306_128x64_vcomh0
 .text.u8x8_gpio_call
                0x000012de       0x12 u8x8_gpio.o
                0x000012de                u8x8_gpio_call
 .text.u8x8_dummy_cb
                0x000012f0        0x4 u8x8_setup.o
                0x000012f0                u8x8_dummy_cb
 .text.u8x8_SetupDefaults
                0x000012f4       0x28 u8x8_setup.o
                0x000012f4                u8x8_SetupDefaults
 .text.u8x8_Setup
                0x0000131c       0x48 u8x8_setup.o
                0x0000131c                u8x8_Setup
 .text.avr-libc.fplib
                0x00001364        0xa c:/program files (x86)/atmel/studio/7.0/toolchain/avr8/avr8-gnu-toolchain/bin/../lib/gcc/avr/5.4.0/../../../../avr/lib/avr51\libm.a(fixsfsi.o)
                0x00001364                __fixsfsi
 .text.avr-libc.fplib
                0x0000136e       0x58 c:/program files (x86)/atmel/studio/7.0/toolchain/avr8/avr8-gnu-toolchain/bin/../lib/gcc/avr/5.4.0/../../../../avr/lib/avr51\libm.a(fixunssfsi.o)
                0x0000136e                __fixunssfsi
 .text.avr-libc.fplib
                0x000013c6       0x7a c:/program files (x86)/atmel/studio/7.0/toolchain/avr8/avr8-gnu-toolchain/bin/../lib/gcc/avr/5.4.0/../../../../avr/lib/avr51\libm.a(floatsisf.o)
                0x000013c6                __floatunsisf
                0x000013ca                __floatsisf
 .text.avr-libc.fplib
                0x00001440       0x44 c:/program files (x86)/atmel/studio/7.0/toolchain/avr8/avr8-gnu-toolchain/bin/../lib/gcc/avr/5.4.0/../../../../avr/lib/avr51\libm.a(fp_split3.o)
                0x00001440                __fp_split3
                0x00001450                __fp_splitA
 .text.avr-libc.fplib
                0x00001484        0xe c:/program files (x86)/atmel/studio/7.0/toolchain/avr8/avr8-gnu-toolchain/bin/../lib/gcc/avr/5.4.0/../../../../avr/lib/avr51\libm.a(fp_zero.o)
                0x00001484                __fp_zero
                0x00001486                __fp_szero
 .text.avr-libc.fplib
                0x00001492        0x4 c:/program files (x86)/atmel/studio/7.0/toolchain/avr8/avr8-gnu-toolchain/bin/../lib/gcc/avr/5.4.0/../../../../avr/lib/avr51\libm.a(mulsf3.o)
                0x00001492                __mulsf3
 .text.avr-libc.fplib
                0x00001496       0xc2 c:/program files (x86)/atmel/studio/7.0/toolchain/avr8/avr8-gnu-toolchain/bin/../lib/gcc/avr/5.4.0/../../../../avr/lib/avr51\libm.a(mulsf3x.o)
                0x000014aa                __mulsf3x
                0x000014ae                __mulsf3_pse
 .text.avr-libc.fplib
                0x00001558        0xc c:/program files (x86)/atmel/studio/7.0/toolchain/avr8/avr8-gnu-toolchain/bin/../lib/gcc/avr/5.4.0/../../../../avr/lib/avr51\libm.a(fp_inf.o)
                0x00001558                __fp_inf
 .text.avr-libc.fplib
                0x00001564        0x6 c:/program files (x86)/atmel/studio/7.0/toolchain/avr8/avr8-gnu-toolchain/bin/../lib/gcc/avr/5.4.0/../../../../avr/lib/avr51\libm.a(fp_nan.o)
                0x00001564                __fp_nan
 .text.avr-libc.fplib
                0x0000156a        0xe c:/program files (x86)/atmel/studio/7.0/toolchain/avr8/avr8-gnu-toolchain/bin/../lib/gcc/avr/5.4.0/../../../../avr/lib/avr51\libm.a(fp_pscA.o)
                0x0000156a                __fp_pscA
 .text.avr-libc.fplib
                0x00001578        0xe c:/program files (x86)/atmel/studio/7.0/toolchain/avr8/avr8-gnu-toolchain/bin/../lib/gcc/avr/5.4.0/../../../../avr/lib/avr51\libm.a(fp_pscB.o)
                0x00001578                __fp_pscB
 .text.avr-libc.fplib
                0x00001586       0x22 c:/program files (x86)/atmel/studio/7.0/toolchain/avr8/avr8-gnu-toolchain/bin/../lib/gcc/avr/5.4.0/../../../../avr/lib/avr51\libm.a(fp_round.o)
                0x00001586                __fp_round
 .text.libgcc   0x000015a8       0x12 c:/program files (x86)/atmel/studio/7.0/toolchain/avr8/avr8-gnu-toolchain/bin/../lib/gcc/avr/5.4.0/avr51\libgcc.a(_tablejump2.o)
                0x000015a8                __tablejump2__
 .text.avr-libc
                0x000015ba       0x5c c:/program files (x86)/atmel/studio/7.0/toolchain/avr8/avr8-gnu-toolchain/bin/../lib/gcc/avr/5.4.0/../../../../avr/lib/avr51\libc.a(sprintf.o)
                0x000015ba                sprintf
 .text.avr-libc
                0x00001616      0x3fa c:/program files (x86)/atmel/studio/7.0/toolchain/avr8/avr8-gnu-toolchain/bin/../lib/gcc/avr/5.4.0/../../../../avr/lib/avr51\libc.a(vfprintf_std.o)
                0x00001616                vfprintf
 .text.avr-libc
                0x00001a10       0x16 c:/program files (x86)/atmel/studio/7.0/toolchain/avr8/avr8-gnu-toolchain/bin/../lib/gcc/avr/5.4.0/../../../../avr/lib/avr51\libc.a(strnlen_P.o)
                0x00001a10                strnlen_P
 .text.avr-libc
                0x00001a26       0x16 c:/program files (x86)/atmel/studio/7.0/toolchain/avr8/avr8-gnu-toolchain/bin/../lib/gcc/avr/5.4.0/../../../../avr/lib/avr51\libc.a(strnlen.o)
                0x00001a26                strnlen
 .text.avr-libc
                0x00001a3c       0x78 c:/program files (x86)/atmel/studio/7.0/toolchain/avr8/avr8-gnu-toolchain/bin/../lib/gcc/avr/5.4.0/../../../../avr/lib/avr51\libc.a(fputc.o)
                0x00001a3c                fputc
 .text.avr-libc
                0x00001ab4       0xbc c:/program files (x86)/atmel/studio/7.0/toolchain/avr8/avr8-gnu-toolchain/bin/../lib/gcc/avr/5.4.0/../../../../avr/lib/avr51\libc.a(ultoa_invert.o)
                0x00001ab4                __ultoa_invert
                0x00001b70                . = ALIGN (0x2)
 *(.fini9)
 .fini9         0x00001b70        0x0 c:/program files (x86)/atmel/studio/7.0/toolchain/avr8/avr8-gnu-toolchain/bin/../lib/gcc/avr/5.4.0/avr51\libgcc.a(_exit.o)
                0x00001b70                _exit
                0x00001b70                exit
 *(.fini9)
 *(.fini8)
 *(.fini8)
 *(.fini7)
 *(.fini7)
 *(.fini6)
 *(.fini6)
 *(.fini5)
 *(.fini5)
 *(.fini4)
 *(.fini4)
 *(.fini3)
 *(.fini3)
 *(.fini2)
 *(.fini2)
 *(.fini1)
 *(.fini1)
 *(.fini0)
 .fini0         0x00001b70        0x4 c:/program files (x86)/atmel/studio/7.0/toolchain/avr8/avr8-gnu-toolchain/bin/../lib/gcc/avr/5.4.0/avr51\libgcc.a(_exit.o)
 *(.fini0)
                0x00001b74                _etext = .

.data           0x00800100       0xa0 load address 0x00001b74
                0x00800100                PROVIDE (__data_start, .)
 *(.data)
 *(.data*)
 *(.gnu.linkonce.d*)
 *(.rodata)
 *(.rodata*)
 .rodata.str1.1
                0x00800100       0x3b main.o
                                 0x45 (size before relaxing)
 .rodata.u8x8_ssd1306_128x64_noname_display_info
                0x0080013b       0x18 u8x8_d_ssd1306_128x64_noname.o
 .rodata.u8x8_d_ssd1306_128x64_noname_flip1_seq
                0x00800153        0x7 u8x8_d_ssd1306_128x64_noname.o
 .rodata.u8x8_d_ssd1306_128x64_noname_flip0_seq
                0x0080015a        0x7 u8x8_d_ssd1306_128x64_noname.o
 .rodata.u8x8_d_ssd1306_128x64_noname_powersave1_seq
                0x00800161        0x5 u8x8_d_ssd1306_128x64_noname.o
 .rodata.u8x8_d_ssd1306_128x64_noname_powersave0_seq
                0x00800166        0x5 u8x8_d_ssd1306_128x64_noname.o
 .rodata.u8x8_d_ssd1306_128x64_vcomh0_init_seq
                0x0080016b       0x35 u8x8_d_ssd1306_128x64_noname.o
 *(.gnu.linkonce.r*)
                0x008001a0                . = ALIGN (0x2)
                0x008001a0                _edata = .
                0x008001a0                PROVIDE (__data_end, .)

.bss            0x008001a0       0x7c
                0x008001a0                PROVIDE (__bss_start, .)
 *(.bss)
 *(.bss*)
 .bss.gCounter  0x008001a0        0x4 main.o
                0x008001a0                gCounter
 .bss.gFalg     0x008001a4        0x1 main.o
                0x008001a4                gFalg
 *(COMMON)
 COMMON         0x008001a5       0x77 u8x8_atmega88_hal.o
                0x008001a5                u8g2_ssd1306_s
                0x00800201                u8x8_ssd1306_s
                0x0080021c                PROVIDE (__bss_end, .)
                0x00001b74                __data_load_start = LOADADDR (.data)
                0x00001c14                __data_load_end = (__data_load_start + SIZEOF (.data))

.noinit         0x0080021c        0x0
                [!provide]                PROVIDE (__noinit_start, .)
 *(.noinit*)
                [!provide]                PROVIDE (__noinit_end, .)
                0x0080021c                _end = .
                [!provide]                PROVIDE (__heap_start, .)

.eeprom         0x00810000        0x0
 *(.eeprom*)
                0x00810000                __eeprom_end = .

.fuse
 *(.fuse)
 *(.lfuse)
 *(.hfuse)
 *(.efuse)

.lock
 *(.lock*)

.signature
 *(.signature*)

.user_signatures
 *(.user_signatures*)

.stab
 *(.stab)

.stabstr
 *(.stabstr)

.stab.excl
 *(.stab.excl)

.stab.exclstr
 *(.stab.exclstr)

.stab.index
 *(.stab.index)

.stab.indexstr
 *(.stab.indexstr)

.comment        0x00000000       0x5c
 *(.comment)
 .comment       0x00000000       0x30 i2c_master.o
                                 0x31 (size before relaxing)
 .comment       0x00000030       0x31 main.o
 .comment       0x00000030       0x31 u8x8_8x8.o
 .comment       0x00000030       0x31 u8x8_atmega88_hal.o
 .comment       0x00000030       0x31 u8x8_byte.o
 .comment       0x00000030       0x31 u8x8_cad.o
 .comment       0x00000030       0x31 u8x8_display.o
 .comment       0x00000030       0x31 u8x8_d_ssd1306_128x64_noname.o
 .comment       0x00000030       0x31 u8x8_fonts.o
 .comment       0x00000030       0x31 u8x8_gpio.o
 .comment       0x00000030       0x31 u8x8_setup.o
 .comment       0x00000030       0x31 c:/program files (x86)/atmel/studio/7.0/toolchain/avr8/avr8-gnu-toolchain/bin/../lib/gcc/avr/5.4.0/../../../../avr/lib/avr51\libc.a(sprintf.o)
 .comment       0x00000030       0x2c c:/program files (x86)/atmel/studio/7.0/toolchain/avr8/avr8-gnu-toolchain/bin/../lib/gcc/avr/5.4.0/../../../../avr/lib/avr51\libc.a(vfprintf_std.o)
                                 0x2d (size before relaxing)
 .comment       0x0000005c       0x31 c:/program files (x86)/atmel/studio/7.0/toolchain/avr8/avr8-gnu-toolchain/bin/../lib/gcc/avr/5.4.0/../../../../avr/lib/avr51\libc.a(fputc.o)

.note.gnu.avr.deviceinfo
                0x00000000       0x40
 .note.gnu.avr.deviceinfo
                0x00000000       0x40 C:/Program Files (x86)/Atmel/Studio/7.0/Packs/atmel/ATmega_DFP/1.7.374/gcc/dev/atmega128a/avr51/crtatmega128a.o

.note.gnu.build-id
 *(.note.gnu.build-id)

.debug
 *(.debug)

.line
 *(.line)

.debug_srcinfo
 *(.debug_srcinfo)

.debug_sfnames
 *(.debug_sfnames)

.debug_aranges  0x00000000      0x420
 *(.debug_aranges)
 .debug_aranges
                0x00000000       0x68 i2c_master.o
 .debug_aranges
                0x00000068       0x50 main.o
 .debug_aranges
                0x000000b8       0x98 u8x8_8x8.o
 .debug_aranges
                0x00000150       0x48 u8x8_atmega88_hal.o
 .debug_aranges
                0x00000198       0xd0 u8x8_byte.o
 .debug_aranges
                0x00000268       0x98 u8x8_cad.o
 .debug_aranges
                0x00000300       0x78 u8x8_display.o
 .debug_aranges
                0x00000378       0x40 u8x8_d_ssd1306_128x64_noname.o
 .debug_aranges
                0x000003b8       0x18 u8x8_fonts.o
 .debug_aranges
                0x000003d0       0x20 u8x8_gpio.o
 .debug_aranges
                0x000003f0       0x30 u8x8_setup.o

.debug_pubnames
 *(.debug_pubnames)

.debug_info     0x00000000     0x7eb3
 *(.debug_info .gnu.linkonce.wi.*)
 .debug_info    0x00000000      0x780 C:/Program Files (x86)/Atmel/Studio/7.0/Packs/atmel/ATmega_DFP/1.7.374/gcc/dev/atmega128a/avr51/crtatmega128a.o
 .debug_info    0x00000780      0x3e4 i2c_master.o
 .debug_info    0x00000b64      0xb59 main.o
 .debug_info    0x000016bd      0xd17 u8x8_8x8.o
 .debug_info    0x000023d4      0xdba u8x8_atmega88_hal.o
 .debug_info    0x0000318e     0x17c0 u8x8_byte.o
 .debug_info    0x0000494e     0x1396 u8x8_cad.o
 .debug_info    0x00005ce4      0x928 u8x8_display.o
 .debug_info    0x0000660c      0xadf u8x8_d_ssd1306_128x64_noname.o
 .debug_info    0x000070eb      0x58c u8x8_fonts.o
 .debug_info    0x00007677      0x3c2 u8x8_gpio.o
 .debug_info    0x00007a39      0x47a u8x8_setup.o

.debug_abbrev   0x00000000     0x199f
 *(.debug_abbrev)
 .debug_abbrev  0x00000000      0x718 C:/Program Files (x86)/Atmel/Studio/7.0/Packs/atmel/ATmega_DFP/1.7.374/gcc/dev/atmega128a/avr51/crtatmega128a.o
 .debug_abbrev  0x00000718      0x12b i2c_master.o
 .debug_abbrev  0x00000843      0x271 main.o
 .debug_abbrev  0x00000ab4      0x26f u8x8_8x8.o
 .debug_abbrev  0x00000d23      0x209 u8x8_atmega88_hal.o
 .debug_abbrev  0x00000f2c      0x218 u8x8_byte.o
 .debug_abbrev  0x00001144      0x230 u8x8_cad.o
 .debug_abbrev  0x00001374      0x1bf u8x8_display.o
 .debug_abbrev  0x00001533      0x1bb u8x8_d_ssd1306_128x64_noname.o
 .debug_abbrev  0x000016ee       0x77 u8x8_fonts.o
 .debug_abbrev  0x00001765       0xe9 u8x8_gpio.o
 .debug_abbrev  0x0000184e      0x151 u8x8_setup.o

.debug_line     0x00000000     0x271f
 *(.debug_line .debug_line.* .debug_line_end)
 .debug_line    0x00000000      0x16a C:/Program Files (x86)/Atmel/Studio/7.0/Packs/atmel/ATmega_DFP/1.7.374/gcc/dev/atmega128a/avr51/crtatmega128a.o
 .debug_line    0x0000016a      0x332 i2c_master.o
 .debug_line    0x0000049c      0x3b2 main.o
 .debug_line    0x0000084e      0x529 u8x8_8x8.o
 .debug_line    0x00000d77      0x280 u8x8_atmega88_hal.o
 .debug_line    0x00000ff7      0x870 u8x8_byte.o
 .debug_line    0x00001867      0x6eb u8x8_cad.o
 .debug_line    0x00001f52      0x258 u8x8_display.o
 .debug_line    0x000021aa      0x2fc u8x8_d_ssd1306_128x64_noname.o
 .debug_line    0x000024a6       0x91 u8x8_fonts.o
 .debug_line    0x00002537       0xb0 u8x8_gpio.o
 .debug_line    0x000025e7      0x138 u8x8_setup.o

.debug_frame    0x00000000      0xcec
 *(.debug_frame)
 .debug_frame   0x00000000      0x15c i2c_master.o
 .debug_frame   0x0000015c       0xbc main.o
 .debug_frame   0x00000218      0x1f4 u8x8_8x8.o
 .debug_frame   0x0000040c      0x104 u8x8_atmega88_hal.o
 .debug_frame   0x00000510      0x2e8 u8x8_byte.o
 .debug_frame   0x000007f8      0x24c u8x8_cad.o
 .debug_frame   0x00000a44      0x148 u8x8_display.o
 .debug_frame   0x00000b8c       0xc4 u8x8_d_ssd1306_128x64_noname.o
 .debug_frame   0x00000c50       0x24 u8x8_gpio.o
 .debug_frame   0x00000c74       0x78 u8x8_setup.o

.debug_str      0x00000000     0x196e
 *(.debug_str)
 .debug_str     0x00000000      0x27d C:/Program Files (x86)/Atmel/Studio/7.0/Packs/atmel/ATmega_DFP/1.7.374/gcc/dev/atmega128a/avr51/crtatmega128a.o
 .debug_str     0x0000027d      0x1f4 i2c_master.o
                                0x235 (size before relaxing)
 .debug_str     0x00000471      0x3a9 main.o
                                0x54b (size before relaxing)
 .debug_str     0x0000081a      0x153 u8x8_8x8.o
                                0x5ac (size before relaxing)
 .debug_str     0x0000096d      0x4ee u8x8_atmega88_hal.o
                                0x9e3 (size before relaxing)
 .debug_str     0x00000e5b      0x1ab u8x8_byte.o
                                0x628 (size before relaxing)
 .debug_str     0x00001006      0x145 u8x8_cad.o
                                0x610 (size before relaxing)
 .debug_str     0x0000114b      0x105 u8x8_display.o
                                0x5a4 (size before relaxing)
 .debug_str     0x00001250      0x1f5 u8x8_d_ssd1306_128x64_noname.o
                                0x72d (size before relaxing)
 .debug_str     0x00001445      0x4e5 u8x8_fonts.o
                                0x68d (size before relaxing)
 .debug_str     0x0000192a       0x11 u8x8_gpio.o
                                0x459 (size before relaxing)
 .debug_str     0x0000193b       0x33 u8x8_setup.o
                                0x498 (size before relaxing)

.debug_loc      0x00000000     0x4f2d
 *(.debug_loc)
 .debug_loc     0x00000000      0x5e5 i2c_master.o
 .debug_loc     0x000005e5      0x203 main.o
 .debug_loc     0x000007e8      0xc7f u8x8_8x8.o
 .debug_loc     0x00001467      0x5a6 u8x8_atmega88_hal.o
 .debug_loc     0x00001a0d     0x128b u8x8_byte.o
 .debug_loc     0x00002c98     0x1570 u8x8_cad.o
 .debug_loc     0x00004208      0x4d4 u8x8_display.o
 .debug_loc     0x000046dc      0x606 u8x8_d_ssd1306_128x64_noname.o
 .debug_loc     0x00004ce2       0x68 u8x8_gpio.o
 .debug_loc     0x00004d4a      0x1e3 u8x8_setup.o

.debug_macinfo
 *(.debug_macinfo)

.debug_weaknames
 *(.debug_weaknames)

.debug_funcnames
 *(.debug_funcnames)

.debug_typenames
 *(.debug_typenames)

.debug_varnames
 *(.debug_varnames)

.debug_pubtypes
 *(.debug_pubtypes)

.debug_ranges   0x00000000      0x398
 *(.debug_ranges)
 .debug_ranges  0x00000000       0x88 i2c_master.o
 .debug_ranges  0x00000088       0x40 main.o
 .debug_ranges  0x000000c8       0x88 u8x8_8x8.o
 .debug_ranges  0x00000150       0x38 u8x8_atmega88_hal.o
 .debug_ranges  0x00000188       0xc0 u8x8_byte.o
 .debug_ranges  0x00000248       0x88 u8x8_cad.o
 .debug_ranges  0x000002d0       0x68 u8x8_display.o
 .debug_ranges  0x00000338       0x30 u8x8_d_ssd1306_128x64_noname.o
 .debug_ranges  0x00000368       0x10 u8x8_gpio.o
 .debug_ranges  0x00000378       0x20 u8x8_setup.o

.debug_macro
 *(.debug_macro)
OUTPUT(Smart Parking Project.elf elf32-avr)
LOAD linker stubs
